// Jest Snapshot v1, https://goo.gl/fbAQLP

exports[`ocrSetValue should be able to set a value 1`] = `
[MockFunction] {
  "calls": Array [
    Array [
      Object {
        "androidRectangles": undefined,
        "clickDuration": undefined,
        "iOSRectangles": undefined,
        "isTesseractAvailable": true,
        "language": "eng",
        "ocrImagesPath": "ocrImagesPath",
        "reuseOcr": true,
        "screenSize": Object {
          "height": 2,
          "width": 1,
        },
        "text": "text",
      },
    ],
  ],
  "results": Array [
    Object {
      "type": "return",
      "value": undefined,
    },
  ],
}
`;
